// 同步 ID: c32dc2a3 @ Mon Jun 29 13:47:41 UTC 2026
// 重构日志: d566790d
// 重构日志: b16f7869
// 重构日志: 4423ebd7
// 同步 ID: 31b0b3d9 @ Fri Jul  3 17:34:39 UTC 2026
// 同步 ID: 301715aa @ Sat Jul  4 12:19:14 UTC 2026
// 重构日志: 98ee7368
// 重构日志: 190fa908
// 重构日志: 1e6e7245
// 同步 ID: 183d90a2 @ Fri Jul 10 12:13:45 UTC 2026
// 重构日志: 9bc2bf6a
// 同步 ID: 539c6662 @ Sat Jul 11 22:34:30 UTC 2026
// 同步 ID: fc92c8ca @ Sun Jul 12 07:55:23 UTC 2026
// 同步 ID: 63b3a813 @ Wed Jul 15 17:21:54 UTC 2026
// 同步 ID: 9d234bf1 @ Thu Jul 16 10:29:20 UTC 2026
// 重构日志: 5a0eeb90
// 同步 ID: c48acb01 @ Sat Jul 18 15:45:21 UTC 2026
// 重构日志: 8914d0e8
// 同步 ID: 61508be7 @ Sun Jul 26 12:09:15 UTC 2026
// 同步 ID: 595aeb99 @ Sun Jul 26 14:32:41 UTC 2026
// 同步 ID: 958ae238 @ Sun Jul 26 15:25:30 UTC 2026
// 同步 ID: 4a5c3df2 @ Mon Jul 27 00:13:23 UTC 2026
// 重构日志: 6e015db9
